Windows PowerShell
Copyright (C) Microsoft Corporation. All rights reserved.

Try the new cross-platform PowerShell https://aka.ms/pscore6

PS C:\Users\Conduent1\source\repos\basic-html-app> git init
PS C:\Users\Conduent1\source\repos\basic-html-app> git remote add origin https://github.com/UmamaheshMaxwell/basic-html-app.git
PS C:\Users\Conduent1\source\repos\basic-html-app> git status
On branch master

No commits yet

Untracked files:
  (use "git add <file>..." to include in what will be committed)
        sample.txt

nothing added to commit but untracked files present (use "git add" to track)
PS C:\Users\Conduent1\source\repos\basic-html-app> git add .
On branch master

No commits yet

Changes to be committed:
  (use "git rm --cached <file>..." to unstage)
        new file:   index.html
        new file:   sample.txt
PS C:\Users\Conduent1\source\repos\basic-html-app> git commit -am 'my first HTML app'
[master (root-commit) 246223b] my first HTML app
 2 files changed, 48 insertions(+)
 create mode 100644 index.html
 create mode 100644 sample.txt
PS C:\Users\Conduent1\source\repos\basic-html-app> git push origin master 
Enumerating objects: 4, done.
Counting objects: 100% (4/4), done.
Delta compression using up to 8 threads
Compressing objects: 100% (4/4), done.
Writing objects: 100% (4/4), 1.23 KiB | 316.00 KiB/s, done.
Total 4 (delta 0), reused 0 (delta 0)
To https://github.com/UmamaheshMaxwell/basic-html-app.git
 * [new branch]      master -> master
PS C:\Users\Conduent1\source\repos\basic-html-app> git pull origin master
remote: Enumerating objects: 4, done.
remote: Counting objects: 100% (4/4), done.
remote: Compressing objects: 100% (2/2), done.
remote: Total 3 (delta 0), reused 0 (delta 0), pack-reused 0
Unpacking objects: 100% (3/3), 738 bytes | 32.00 KiB/s, done.
From https://github.com/UmamaheshMaxwell/basic-html-app
 * branch            master     -> FETCH_HEAD
   246223b..9e4c437  master     -> origin/master
Updating 246223b..9e4c437
Fast-forward
 README.md | 2 ++
 1 file changed, 2 insertions(+)
 create mode 100644 README.md
PS C:\Users\Conduent1\source\repos\basic-html-app>